#-----------------------------------------------------------
# Vivado v2025.1 (64-bit)
# SW Build 6140274 on Thu May 22 00:12:29 MDT 2025
# IP Build 6138677 on Thu May 22 03:10:11 MDT 2025
# SharedData Build 6139179 on Tue May 20 17:58:58 MDT 2025
# Start of session at: Wed Oct 15 22:30:02 2025
# Process ID         : 2492
# Current directory  : C:/Users/Marcus Serrano/Documents/Vivado/project_frequencycounter/project_frequencycounter.runs/impl_1
# Command line       : vivado.exe -log eqprec_min_io.vdi -applog -product Vivado -messageDb vivado.pb -mode batch -source eqprec_min_io.tcl -notrace
# Log file           : C:/Users/Marcus Serrano/Documents/Vivado/project_frequencycounter/project_frequencycounter.runs/impl_1/eqprec_min_io.vdi
# Journal file       : C:/Users/Marcus Serrano/Documents/Vivado/project_frequencycounter/project_frequencycounter.runs/impl_1\vivado.jou
# Running On         : DESKTOP-7LRESV5
# Platform           : 
# Operating System   : 22631
# Processor Detail   : AMD Ryzen 5 9600X 6-Core Processor             
# CPU Frequency      : 5300 MHz
# CPU Physical cores : 6
# CPU Logical cores  : 12
# Host memory        : 33883 MB
# Swap memory        : 2147 MB
# Total Virtual      : 36030 MB
# Available Virtual  : 20260 MB
#-----------------------------------------------------------
source eqprec_min_io.tcl -notrace
