#-----------------------------------------------------------
# Vivado v2025.1 (64-bit)
# SW Build 6140274 on Thu May 22 00:12:29 MDT 2025
# IP Build 6138677 on Thu May 22 03:10:11 MDT 2025
# SharedData Build 6139179 on Tue May 20 17:58:58 MDT 2025
# Start of session at: Tue Sep 23 22:52:14 2025
# Process ID         : 2556
# Current directory  : C:/Users/Marcus Serrano/Documents/Vivado/4-bit-full-adder/4-bit-full-adder.runs/impl_1
# Command line       : vivado.exe -log fourbit.vdi -applog -product Vivado -messageDb vivado.pb -mode batch -source fourbit.tcl -notrace
# Log file           : C:/Users/Marcus Serrano/Documents/Vivado/4-bit-full-adder/4-bit-full-adder.runs/impl_1/fourbit.vdi
# Journal file       : C:/Users/Marcus Serrano/Documents/Vivado/4-bit-full-adder/4-bit-full-adder.runs/impl_1\vivado.jou
# Running On         : DESKTOP-7LRESV5
# Platform           : 
# Operating System   : 22631
# Processor Detail   : AMD Ryzen 5 9600X 6-Core Processor             
# CPU Frequency      : 5300 MHz
# CPU Physical cores : 6
# CPU Logical cores  : 12
# Host memory        : 33883 MB
# Swap memory        : 2147 MB
# Total Virtual      : 36030 MB
# Available Virtual  : 21664 MB
#-----------------------------------------------------------
source fourbit.tcl -notrace
